// Jest Snapshot v1, https://goo.gl/fbAQLP

exports[`Filter Toggler should invoke onToggler function that remove sound and attach voice filters 1`] = `ShallowWrapper {}`;

exports[`Filter Toggler should render filterToggler properly 1`] = `ShallowWrapper {}`;
