// Jest Snapshot v1, https://goo.gl/fbAQLP

exports[`Grafic equaliser should RENDER PROPERLY 1`] = `ShallowWrapper {}`;
