// Jest Snapshot v1, https://goo.gl/fbAQLP

exports[`Toggle Zone Component should render ToggleZone component properly 1`] = `
<Fragment>
  <button
    className="toggle__button"
    onClick={[Function]}
  >
    Show Effects
  </button>
  <div
    className="toggle "
  >
    <div />
  </div>
</Fragment>
`;
