// Jest Snapshot v1, https://goo.gl/fbAQLP

exports[`Test equalizer should make snapsjot should render component properly 1`] = `ShallowWrapper {}`;

exports[`Test equalizer should render component properly 1`] = `ShallowWrapper {}`;
