// Jest Snapshot v1, https://goo.gl/fbAQLP

exports[`test infoAboutUploadFile component should render component properly 1`] = `"<UploadButton handleInfoFromSound={[Function: mockConstructor]} store={{...}} dispatch={[Function]} />"`;
